// Jest Snapshot v1, https://goo.gl/fbAQLP

exports[`<PasswordComfirmInput /> should match the snapshot 1`] = `
ShallowWrapper {
  Symbol(enzyme.__root__): [Circular],
  Symbol(enzyme.__unrendered__): <PasswordComfirmInput />,
  Symbol(enzyme.__renderer__): Object {
    "batchedUpdates": [Function],
    "getNode": [Function],
    "render": [Function],
    "simulateEvent": [Function],
    "unmount": [Function],
  },
  Symbol(enzyme.__node__): Object {
    "instance": null,
    "key": undefined,
    "nodeType": "host",
    "props": Object {
      "children": Array [
        <InputItem
          clear={true}
          disabled={false}
          editable={true}
          error={false}
          extra=""
          labelNumber={5}
          moneyKeyboardAlign="right"
          moneyKeyboardWrapProps={Object {}}
          onBlur={[Function]}
          onChange={[Function]}
          onErrorClick={[Function]}
          onExtraClick={[Function]}
          onFocus={[Function]}
          onVirtualKeyboardConfirm={[Function]}
          placeholder="Password"
          prefixCls="am-input"
          prefixListCls="am-list"
          type="password"
          updatePlaceholder={false}
          value={undefined}
>
          Password:
</InputItem>,
        <InputItem
          clear={true}
          disabled={false}
          editable={true}
          error={false}
          extra=""
          labelNumber={5}
          moneyKeyboardAlign="right"
          moneyKeyboardWrapProps={Object {}}
          onBlur={[Function]}
          onChange={[Function]}
          onErrorClick={[Function]}
          onExtraClick={[Function]}
          onFocus={[Function]}
          onVirtualKeyboardConfirm={[Function]}
          placeholder="Repeat the password"
          prefixCls="am-input"
          prefixListCls="am-list"
          type="password"
          updatePlaceholder={false}
          value=""
>
          Password:
</InputItem>,
      ],
    },
    "ref": null,
    "rendered": Array [
      Object {
        "instance": null,
        "key": undefined,
        "nodeType": "class",
        "props": Object {
          "children": "Password:",
          "clear": true,
          "disabled": false,
          "editable": true,
          "error": false,
          "extra": "",
          "labelNumber": 5,
          "moneyKeyboardAlign": "right",
          "moneyKeyboardWrapProps": Object {},
          "onBlur": [Function],
          "onChange": [Function],
          "onErrorClick": [Function],
          "onExtraClick": [Function],
          "onFocus": [Function],
          "onVirtualKeyboardConfirm": [Function],
          "placeholder": "Password",
          "prefixCls": "am-input",
          "prefixListCls": "am-list",
          "type": "password",
          "updatePlaceholder": false,
          "value": undefined,
        },
        "ref": null,
        "rendered": "Password:",
        "type": [Function],
      },
      Object {
        "instance": null,
        "key": undefined,
        "nodeType": "class",
        "props": Object {
          "children": "Password:",
          "clear": true,
          "disabled": false,
          "editable": true,
          "error": false,
          "extra": "",
          "labelNumber": 5,
          "moneyKeyboardAlign": "right",
          "moneyKeyboardWrapProps": Object {},
          "onBlur": [Function],
          "onChange": [Function],
          "onErrorClick": [Function],
          "onExtraClick": [Function],
          "onFocus": [Function],
          "onVirtualKeyboardConfirm": [Function],
          "placeholder": "Repeat the password",
          "prefixCls": "am-input",
          "prefixListCls": "am-list",
          "type": "password",
          "updatePlaceholder": false,
          "value": "",
        },
        "ref": null,
        "rendered": "Password:",
        "type": [Function],
      },
    ],
    "type": "div",
  },
  Symbol(enzyme.__nodes__): Array [
    Object {
      "instance": null,
      "key": undefined,
      "nodeType": "host",
      "props": Object {
        "children": Array [
          <InputItem
            clear={true}
            disabled={false}
            editable={true}
            error={false}
            extra=""
            labelNumber={5}
            moneyKeyboardAlign="right"
            moneyKeyboardWrapProps={Object {}}
            onBlur={[Function]}
            onChange={[Function]}
            onErrorClick={[Function]}
            onExtraClick={[Function]}
            onFocus={[Function]}
            onVirtualKeyboardConfirm={[Function]}
            placeholder="Password"
            prefixCls="am-input"
            prefixListCls="am-list"
            type="password"
            updatePlaceholder={false}
            value={undefined}
>
            Password:
</InputItem>,
          <InputItem
            clear={true}
            disabled={false}
            editable={true}
            error={false}
            extra=""
            labelNumber={5}
            moneyKeyboardAlign="right"
            moneyKeyboardWrapProps={Object {}}
            onBlur={[Function]}
            onChange={[Function]}
            onErrorClick={[Function]}
            onExtraClick={[Function]}
            onFocus={[Function]}
            onVirtualKeyboardConfirm={[Function]}
            placeholder="Repeat the password"
            prefixCls="am-input"
            prefixListCls="am-list"
            type="password"
            updatePlaceholder={false}
            value=""
>
            Password:
</InputItem>,
        ],
      },
      "ref": null,
      "rendered": Array [
        Object {
          "instance": null,
          "key": undefined,
          "nodeType": "class",
          "props": Object {
            "children": "Password:",
            "clear": true,
            "disabled": false,
            "editable": true,
            "error": false,
            "extra": "",
            "labelNumber": 5,
            "moneyKeyboardAlign": "right",
            "moneyKeyboardWrapProps": Object {},
            "onBlur": [Function],
            "onChange": [Function],
            "onErrorClick": [Function],
            "onExtraClick": [Function],
            "onFocus": [Function],
            "onVirtualKeyboardConfirm": [Function],
            "placeholder": "Password",
            "prefixCls": "am-input",
            "prefixListCls": "am-list",
            "type": "password",
            "updatePlaceholder": false,
            "value": undefined,
          },
          "ref": null,
          "rendered": "Password:",
          "type": [Function],
        },
        Object {
          "instance": null,
          "key": undefined,
          "nodeType": "class",
          "props": Object {
            "children": "Password:",
            "clear": true,
            "disabled": false,
            "editable": true,
            "error": false,
            "extra": "",
            "labelNumber": 5,
            "moneyKeyboardAlign": "right",
            "moneyKeyboardWrapProps": Object {},
            "onBlur": [Function],
            "onChange": [Function],
            "onErrorClick": [Function],
            "onExtraClick": [Function],
            "onFocus": [Function],
            "onVirtualKeyboardConfirm": [Function],
            "placeholder": "Repeat the password",
            "prefixCls": "am-input",
            "prefixListCls": "am-list",
            "type": "password",
            "updatePlaceholder": false,
            "value": "",
          },
          "ref": null,
          "rendered": "Password:",
          "type": [Function],
        },
      ],
      "type": "div",
    },
  ],
  Symbol(enzyme.__options__): Object {
    "adapter": ReactSixteenAdapter {
      "options": Object {
        "enableComponentDidUpdateOnSetState": true,
        "lifecycles": Object {
          "componentDidUpdate": Object {
            "onSetState": true,
          },
          "getSnapshotBeforeUpdate": true,
        },
      },
    },
    "attachTo": undefined,
    "hydrateIn": undefined,
  },
}
`;
